// Jest Snapshot v1, https://goo.gl/fbAQLP

exports[`Tab should render correctly 1`] = `
<h1>
  Hello world!
</h1>
`;
