// Jest Snapshot v1, https://goo.gl/fbAQLP

exports[`UserBlock should render correctly 1`] = `
<div
  className="user-block"
>
  <a
    className="user-block__link"
    href="#"
    onClick={[Function]}
  >
    Sign in
  </a>
</div>
`;
