// Jest Snapshot v1, https://goo.gl/fbAQLP

exports[`VideoPlayer should render correctly 1`] = `
<div
  className="small-movie-card__image"
>
  <video
    height="175"
    width="280"
  />
</div>
`;
